[bokata.framer.website/index827c.html]
[backblue.gif]
[fade.gif]
[index.html]
[framerusercontent.com/images/tJ4oaoLOSWOJ6iUlmsE8h0ry0jk.png]
[framerusercontent.com/assets/V3I4WuJ9PhkVAbKeTRwtbkXoc.jpg]
[bokata.framer.website/index.html]
[bokata.framer.website/news.html]
[framerusercontent.com/images/PRDfIQEwfBAD6WhfpVujpWW5c.png]
[framerusercontent.com/images/NhlMQj9TabLAWGRTXSmDcnWeg.jpg]
[framerusercontent.com/images/3u0cotXL5Jz2ceWsO2yjL1xFAY.png]
[framerusercontent.com/images/ULdCzNs1fBugyF9lBrth1O7hwRE.jpg]
[framerusercontent.com/images/HxZ5ZF3EmNZV8ft3wsqxeOgQE.png]
[framerusercontent.com/images/ffAQuLErAZ9FhPrK3M7QLPo5g.png]
[framerusercontent.com/images/HFwesUmeYYoTenvhu2Z4nDfxsXg.jpg]
[framerusercontent.com/images/DX2InGNzUH75b4NvU2njQioOjQ4.jpg]
[bokata.framer.website/index827c.html]
[bokata.framer.website/index.html]
[framerusercontent.com/images/V3I4WuJ9PhkVAbKeTRwtbkXoc.jpg]
[bokata.framer.website/news/exploring-the-world-of-coffee-origins.html]
[framerusercontent.com/images/WdPcmK6WsWeWHrhqIJCvdYtA.jpg]
[bokata.framer.website/news/5-ways-to-elevate-your-coffee-experience-at-home.html]
[framerusercontent.com/images/nuDSHnIFowt4cHh6TTY0cDBAVI.jpg]
[bokata.framer.website/news/eco-friendly-practices-at-latte-haven.html]
[framerusercontent.com/images/7MaKWyyvDSoo5ueFYsJkDl3I.jpg]
[bokata.framer.website/news/the-art-of-the-perfect-latte.html]
[framerusercontent.com/images/0BjR9moexzMYr3C71y7ntjRv4.png]
[bokata.framer.website/news/seasonal-specials-at-latte-haven-summer-edition.html]
[framerusercontent.com/images/a71UxklC56LWechfZymPKtbsckY.jpg]
[bokata.framer.website/news.html]
[bokata.framer.website/news/exploring-the-world-of-coffee-origins.html]
[bokata.framer.website/news/5-ways-to-elevate-your-coffee-experience-at-home.html]
[bokata.framer.website/news/eco-friendly-practices-at-latte-haven.html]
[bokata.framer.website/news/the-art-of-the-perfect-latte.html]
[bokata.framer.website/news/seasonal-specials-at-latte-haven-summer-edition.html]
